/Users/kdong/Downloads/ascent capital v2 up to phase 3/.venv/lib/python3.9/site-packages/urllib3/__init__.py:35: NotOpenSSLWarning: urllib3 v2 only supports OpenSSL 1.1.1+, currently the 'ssl' module is compiled with 'LibreSSL 2.8.3'. See: https://github.com/urllib3/urllib3/issues/3020
  warnings.warn(
[Config] End date set to today: 2026-03-13

======================================================================
  STEP 1: DATA INGESTION
======================================================================
[Data] Loading cached price data...
[Data] Loading cached macro data...
[Data] Universe: 105 symbols
[Data] Date range: 2020-01-02 → 2026-03-12

======================================================================
  STEP 1.5: REGIME ENGINE
======================================================================
[Regime] VIX data fetched
[Regime] K=2  label=calm_bull  risk_mult=1.00  entropy=0.000

======================================================================
  STEP 2: FEATURE COMPUTATION
======================================================================
[Features] Computed 29 features across 105 symbols
[Features] Date range: 2020-01-02 → 2026-03-12

======================================================================
  STEP 3: ALPHA GENERATION
======================================================================
[alpha_stack] loaded=['trend', 'meanrev', 'volatility', 'statarb']  skipped=[]
[Alpha] Composite alpha computed: (1556, 105)
[Alpha] Mean IC (21d fwd return): -0.0075
[Alpha] IC t-stat: -1.50

======================================================================
  STEP 4: PORTFOLIO CONSTRUCTION
======================================================================
[Portfolio] Sector constraint: max 1 per sector
[Portfolio] Regime gross exposure scaling applied
[Portfolio] Target weights: (1283, 105)
[Portfolio] Active rebalance dates: 1283
[Portfolio] Top-11 rank-weighted, max weight 15%

======================================================================
  STEP 5: BACKTEST
======================================================================

######################################################################
  ASCENT CAPITAL — FULL BACKTEST
######################################################################
============================================================
  PERFORMANCE REPORT
============================================================
  Total Return:     +146.23%
  CAGR:             +19.36%
  Volatility:       23.67%
  Sharpe Ratio:     0.818
  Sortino Ratio:    1.298
  Max Drawdown:     -21.20%
  Calmar Ratio:     0.913
  Hit Rate:         49.6%
  Profit Factor:    1.17
------------------------------------------------------------
  Trading Days:     1283
  Best Day:         +11.94%
  Worst Day:        -7.26%
------------------------------------------------------------
  Benchmark CAGR:   +11.56%
  Alpha:            +7.80%
  Beta:             1.003
  Excess Sharpe:    0.426
------------------------------------------------------------
  Avg Turnover:     4.80% per day
  Avg Positions:    10.0
============================================================

  Total Transaction Costs: $39,808.94
  Avg Daily Turnover:     3.103%
  Total Cost Drag:        3.981%

  Start Value:  $999,500.09
  End Value:    $2,462,272.68
  Peak Value:   $2,595,448.64
  Trough Value: $935,537.68

  Worst Drawdown: -21.20% on 2022-09-30

  Avg Positions:  10.0
  Max Weight:     35.8%
######################################################################


── Regime Occupancy ──────────────────────────────────
           days   pct  avg_dwell_days  max_dwell_days  n_episodes
regime                                                           
crisis      918  59.0            39.9             338          23
calm_bull   593  38.1            21.2             263          28
uncertain    45   2.9             1.7               6          27

── Per-Regime Return Stats ───────────────────────────

  Pipeline completed in 12.3s

[Regime] Exported 1557 VIX-based regime signals to dashboard/regime_signal.json

######################################################################
  RUNNING WALK-FORWARD OUT-OF-SAMPLE EVALUATION
######################################################################
======================================================================
  WALK-FORWARD PIPELINE
======================================================================
[Data] 1556 dates, 106 symbols
[Data] Range: 2020-01-02 to 2026-03-12
[Setup] Train: up to 252 days, Test: 1 day, Purge: 5 days

----------------------------------------------------------------------
[alpha_stack] loaded=['trend', 'meanrev', 'volatility', 'statarb']  skipped=[]
  Date 2020-01-02 | Train: partial history | Positions: 10
[alpha_stack] loaded=['trend', 'meanrev', 'volatility', 'statarb']  skipped=[]
  Date 2020-01-03 | Train: partial history | Positions: 10
[alpha_stack] loaded=['trend', 'meanrev', 'volatility', 'statarb']  skipped=[]
  Date 2020-01-06 | Train: partial history | Positions: 10
[alpha_stack] loaded=['trend', 'meanrev', 'volatility', 'statarb']  skipped=[]
  Date 2020-01-07 | Train: partial history | Positions: 10
[alpha_stack] loaded=['trend', 'meanrev', 'volatility', 'statarb']  skipped=[]
  Date 2020-01-08 | Train: partial history | Positions: 10
[alpha_stack] loaded=['trend', 'meanrev', 'volatility', 'statarb']  skipped=[]
  Date 2020-01-09 | Train: partial history | Positions: 10
[alpha_stack] loaded=['trend', 'meanrev', 'volatility', 'statarb']  skipped=[]
  Date 2020-01-10 | Train: 2020-01-02 to 2020-01-02 | Positions: 10
[alpha_stack] loaded=['trend', 'meanrev', 'volatility', 'statarb']  skipped=[]
  Date 2020-01-13 | Train: 2020-01-02 to 2020-01-03 | Positions: 10
[alpha_stack] loaded=['trend', 'meanrev', 'volatility', 'statarb']  skipped=[]
  Date 2020-01-14 | Train: 2020-01-02 to 2020-01-06 | Positions: 10
[alpha_stack] loaded=['trend', 'meanrev', 'volatility', 'statarb']  skipped=[]
  Date 2020-01-15 | Train: 2020-01-02 to 2020-01-07 | Positions: 10
[alpha_stack] loaded=['trend', 'meanrev', 'volatility', 'statarb']  skipped=[]
  Date 2020-01-16 | Train: 2020-01-02 to 2020-01-08 | Positions: 10
[alpha_stack] loaded=['trend', 'meanrev', 'volatility', 'statarb']  skipped=[]
  Date 2020-01-17 | Train: 2020-01-02 to 2020-01-09 | Positions: 10
[alpha_stack] loaded=['trend', 'meanrev', 'volatility', 'statarb']  skipped=[]
  Date 2020-01-21 | Train: 2020-01-02 to 2020-01-10 | Positions: 10
[alpha_stack] loaded=['trend', 'meanrev', 'volatility', 'statarb']  skipped=[]
  Date 2020-01-22 | Train: 2020-01-02 to 2020-01-13 | Positions: 10
[alpha_stack] loaded=['trend', 'meanrev', 'volatility', 'statarb']  skipped=[]
  Date 2020-01-23 | Train: 2020-01-02 to 2020-01-14 | Positions: 10
[alpha_stack] loaded=['trend', 'meanrev', 'volatility', 'statarb']  skipped=[]
  Date 2020-01-24 | Train: 2020-01-02 to 2020-01-15 | Positions: 10
[alpha_stack] loaded=['trend', 'meanrev', 'volatility', 'statarb']  skipped=[]
  Date 2020-01-27 | Train: 2020-01-02 to 2020-01-16 | Positions: 10
[alpha_stack] loaded=['trend', 'meanrev', 'volatility', 'statarb']  skipped=[]
  Date 2020-01-28 | Train: 2020-01-02 to 2020-01-17 | Positions: 10
[alpha_stack] loaded=['trend', 'meanrev', 'volatility', 'statarb']  skipped=[]
  Date 2020-01-29 | Train: 2020-01-02 to 2020-01-21 | Positions: 10
[alpha_stack] loaded=['trend', 'meanrev', 'volatility', 'statarb']  skipped=[]
  Date 2020-01-30 | Train: 2020-01-02 to 2020-01-22 | Positions: 10
[alpha_stack] loaded=['trend', 'meanrev', 'volatility', 'statarb']  skipped=[]
  Date 2020-01-31 | Train: 2020-01-02 to 2020-01-23 | Positions: 10
[alpha_stack] loaded=['trend', 'meanrev', 'volatility', 'statarb']  skipped=[]
  Date 2020-02-03 | Train: 2020-01-02 to 2020-01-24 | Positions: 10
[alpha_stack] loaded=['trend', 'meanrev', 'volatility', 'statarb']  skipped=[]
  Date 2020-02-04 | Train: 2020-01-02 to 2020-01-27 | Positions: 10
[alpha_stack] loaded=['trend', 'meanrev', 'volatility', 'statarb']  skipped=[]
  Date 2020-02-05 | Train: 2020-01-02 to 2020-01-28 | Positions: 10
[alpha_stack] loaded=['trend', 'meanrev', 'volatility', 'statarb']  skipped=[]
  Date 2020-02-06 | Train: 2020-01-02 to 2020-01-29 | Positions: 10
[alpha_stack] loaded=['trend', 'meanrev', 'volatility', 'statarb']  skipped=[]
  Date 2020-02-07 | Train: 2020-01-02 to 2020-01-30 | Positions: 10
[alpha_stack] loaded=['trend', 'meanrev', 'volatility', 'statarb']  skipped=[]
  Date 2020-02-10 | Train: 2020-01-02 to 2020-01-31 | Positions: 10
[alpha_stack] loaded=['trend', 'meanrev', 'volatility', 'statarb']  skipped=[]
  Date 2020-02-11 | Train: 2020-01-02 to 2020-02-03 | Positions: 10
[alpha_stack] loaded=['trend', 'meanrev', 'volatility', 'statarb']  skipped=[]
  Date 2020-02-12 | Train: 2020-01-02 to 2020-02-04 | Positions: 10
[alpha_stack] loaded=['trend', 'meanrev', 'volatility', 'statarb']  skipped=[]
  Date 2020-02-13 | Train: 2020-01-02 to 2020-02-05 | Positions: 10
[alpha_stack] loaded=['trend', 'meanrev', 'volatility', 'statarb']  skipped=[]
  Date 2020-02-14 | Train: 2020-01-02 to 2020-02-06 | Positions: 10
[alpha_stack] loaded=['trend', 'meanrev', 'volatility', 'statarb']  skipped=[]
  Date 2020-02-18 | Train: 2020-01-02 to 2020-02-07 | Positions: 10
[alpha_stack] loaded=['trend', 'meanrev', 'volatility', 'statarb']  skipped=[]
  Date 2020-02-19 | Train: 2020-01-02 to 2020-02-10 | Positions: 10
[alpha_stack] loaded=['trend', 'meanrev', 'volatility', 'statarb']  skipped=[]
  Date 2020-02-20 | Train: 2020-01-02 to 2020-02-11 | Positions: 10
[alpha_stack] loaded=['trend', 'meanrev', 'volatility', 'statarb']  skipped=[]
  Date 2020-02-21 | Train: 2020-01-02 to 2020-02-12 | Positions: 10
[alpha_stack] loaded=['trend', 'meanrev', 'volatility', 'statarb']  skipped=[]
  Date 2020-02-24 | Train: 2020-01-02 to 2020-02-13 | Positions: 10
[alpha_stack] loaded=['trend', 'meanrev', 'volatility', 'statarb']  skipped=[]
  Date 2020-02-25 | Train: 2020-01-02 to 2020-02-14 | Positions: 10
[alpha_stack] loaded=['trend', 'meanrev', 'volatility', 'statarb']  skipped=[]
  Date 2020-02-26 | Train: 2020-01-02 to 2020-02-18 | Positions: 10
[alpha_stack] loaded=['trend', 'meanrev', 'volatility', 'statarb']  skipped=[]
  Date 2020-02-27 | Train: 2020-01-02 to 2020-02-19 | Positions: 10
[alpha_stack] loaded=['trend', 'meanrev', 'volatility', 'statarb']  skipped=[]
  Date 2020-02-28 | Train: 2020-01-02 to 2020-02-20 | Positions: 10
[alpha_stack] loaded=['trend', 'meanrev', 'volatility', 'statarb']  skipped=[]
  Date 2020-03-02 | Train: 2020-01-02 to 2020-02-21 | Positions: 10
[alpha_stack] loaded=['trend', 'meanrev', 'volatility', 'statarb']  skipped=[]
  Date 2020-03-03 | Train: 2020-01-02 to 2020-02-24 | Positions: 10
[alpha_stack] loaded=['trend', 'meanrev', 'volatility', 'statarb']  skipped=[]
  Date 2020-03-04 | Train: 2020-01-02 to 2020-02-25 | Positions: 10
[alpha_stack] loaded=['trend', 'meanrev', 'volatility', 'statarb']  skipped=[]
  Date 2020-03-05 | Train: 2020-01-02 to 2020-02-26 | Positions: 10
[alpha_stack] loaded=['trend', 'meanrev', 'volatility', 'statarb']  skipped=[]
  Date 2020-03-06 | Train: 2020-01-02 to 2020-02-27 | Positions: 10
[alpha_stack] loaded=['trend', 'meanrev', 'volatility', 'statarb']  skipped=[]
  Date 2020-03-09 | Train: 2020-01-02 to 2020-02-28 | Positions: 10
[alpha_stack] loaded=['trend', 'meanrev', 'volatility', 'statarb']  skipped=[]
  Date 2020-03-10 | Train: 2020-01-02 to 2020-03-02 | Positions: 10
[alpha_stack] loaded=['trend', 'meanrev', 'volatility', 'statarb']  skipped=[]
  Date 2020-03-11 | Train: 2020-01-02 to 2020-03-03 | Positions: 10
[alpha_stack] loaded=['trend', 'meanrev', 'volatility', 'statarb']  skipped=[]
  Date 2020-03-12 | Train: 2020-01-02 to 2020-03-04 | Positions: 10
[alpha_stack] loaded=['trend', 'meanrev', 'volatility', 'statarb']  skipped=[]
  Date 2020-03-13 | Train: 2020-01-02 to 2020-03-05 | Positions: 10
[alpha_stack] loaded=['trend', 'meanrev', 'volatility', 'statarb']  skipped=[]
  Date 2020-03-16 | Train: 2020-01-02 to 2020-03-06 | Positions: 10
[alpha_stack] loaded=['trend', 'meanrev', 'volatility', 'statarb']  skipped=[]
  Date 2020-03-17 | Train: 2020-01-02 to 2020-03-09 | Positions: 10
[alpha_stack] loaded=['trend', 'meanrev', 'volatility', 'statarb']  skipped=[]
  Date 2020-03-18 | Train: 2020-01-02 to 2020-03-10 | Positions: 10
[alpha_stack] loaded=['trend', 'meanrev', 'volatility', 'statarb']  skipped=[]
  Date 2020-03-19 | Train: 2020-01-02 to 2020-03-11 | Positions: 10
[alpha_stack] loaded=['trend', 'meanrev', 'volatility', 'statarb']  skipped=[]
  Date 2020-03-20 | Train: 2020-01-02 to 2020-03-12 | Positions: 10
[alpha_stack] loaded=['trend', 'meanrev', 'volatility', 'statarb']  skipped=[]
  Date 2020-03-23 | Train: 2020-01-02 to 2020-03-13 | Positions: 10
[alpha_stack] loaded=['trend', 'meanrev', 'volatility', 'statarb']  skipped=[]
  Date 2020-03-24 | Train: 2020-01-02 to 2020-03-16 | Positions: 10
[alpha_stack] loaded=['trend', 'meanrev', 'volatility', 'statarb']  skipped=[]
  Date 2020-03-25 | Train: 2020-01-02 to 2020-03-17 | Positions: 10
[alpha_stack] loaded=['trend', 'meanrev', 'volatility', 'statarb']  skipped=[]
  Date 2020-03-26 | Train: 2020-01-02 to 2020-03-18 | Positions: 10
[alpha_stack] loaded=['trend', 'meanrev', 'volatility', 'statarb']  skipped=[]
  Date 2020-03-27 | Train: 2020-01-02 to 2020-03-19 | Positions: 10
[alpha_stack] loaded=['trend', 'meanrev', 'volatility', 'statarb']  skipped=[]
  Date 2020-03-30 | Train: 2020-01-02 to 2020-03-20 | Positions: 10
[alpha_stack] loaded=['trend', 'meanrev', 'volatility', 'statarb']  skipped=[]
  Date 2020-03-31 | Train: 2020-01-02 to 2020-03-23 | Positions: 10
[alpha_stack] loaded=['trend', 'meanrev', 'volatility', 'statarb']  skipped=[]
  Date 2020-04-01 | Train: 2020-01-02 to 2020-03-24 | Positions: 10
[alpha_stack] loaded=['trend', 'meanrev', 'volatility', 'statarb']  skipped=[]
  Date 2020-04-02 | Train: 2020-01-02 to 2020-03-25 | Positions: 10
[alpha_stack] loaded=['trend', 'meanrev', 'volatility', 'statarb']  skipped=[]
  Date 2020-04-03 | Train: 2020-01-02 to 2020-03-26 | Positions: 10
[alpha_stack] loaded=['trend', 'meanrev', 'volatility', 'statarb']  skipped=[]
  Date 2020-04-06 | Train: 2020-01-02 to 2020-03-27 | Positions: 10
[alpha_stack] loaded=['trend', 'meanrev', 'volatility', 'statarb']  skipped=[]
  Date 2020-04-07 | Train: 2020-01-02 to 2020-03-30 | Positions: 10
[alpha_stack] loaded=['trend', 'meanrev', 'volatility', 'statarb']  skipped=[]
  Date 2020-04-08 | Train: 2020-01-02 to 2020-03-31 | Positions: 10
[alpha_stack] loaded=['trend', 'meanrev', 'volatility', 'statarb']  skipped=[]
  Date 2020-04-09 | Train: 2020-01-02 to 2020-04-01 | Positions: 10
[alpha_stack] loaded=['trend', 'meanrev', 'volatility', 'statarb']  skipped=[]
  Date 2020-04-13 | Train: 2020-01-02 to 2020-04-02 | Positions: 10
[alpha_stack] loaded=['trend', 'meanrev', 'volatility', 'statarb']  skipped=[]
  Date 2020-04-14 | Train: 2020-01-02 to 2020-04-03 | Positions: 10
[alpha_stack] loaded=['trend', 'meanrev', 'volatility', 'statarb']  skipped=[]
  Date 2020-04-15 | Train: 2020-01-02 to 2020-04-06 | Positions: 10
[alpha_stack] loaded=['trend', 'meanrev', 'volatility', 'statarb']  skipped=[]
  Date 2020-04-16 | Train: 2020-01-02 to 2020-04-07 | Positions: 10
[alpha_stack] loaded=['trend', 'meanrev', 'volatility', 'statarb']  skipped=[]
  Date 2020-04-17 | Train: 2020-01-02 to 2020-04-08 | Positions: 10
[alpha_stack] loaded=['trend', 'meanrev', 'volatility', 'statarb']  skipped=[]
  Date 2020-04-20 | Train: 2020-01-02 to 2020-04-09 | Positions: 10
[alpha_stack] loaded=['trend', 'meanrev', 'volatility', 'statarb']  skipped=[]
  Date 2020-04-21 | Train: 2020-01-02 to 2020-04-13 | Positions: 10
[alpha_stack] loaded=['trend', 'meanrev', 'volatility', 'statarb']  skipped=[]
  Date 2020-04-22 | Train: 2020-01-02 to 2020-04-14 | Positions: 10
[alpha_stack] loaded=['trend', 'meanrev', 'volatility', 'statarb']  skipped=[]
  Date 2020-04-23 | Train: 2020-01-02 to 2020-04-15 | Positions: 10
[alpha_stack] loaded=['trend', 'meanrev', 'volatility', 'statarb']  skipped=[]
  Date 2020-04-24 | Train: 2020-01-02 to 2020-04-16 | Positions: 10
[alpha_stack] loaded=['trend', 'meanrev', 'volatility', 'statarb']  skipped=[]
  Date 2020-04-27 | Train: 2020-01-02 to 2020-04-17 | Positions: 10
[alpha_stack] loaded=['trend', 'meanrev', 'volatility', 'statarb']  skipped=[]
  Date 2020-04-28 | Train: 2020-01-02 to 2020-04-20 | Positions: 10
[alpha_stack] loaded=['trend', 'meanrev', 'volatility', 'statarb']  skipped=[]
  Date 2020-04-29 | Train: 2020-01-02 to 2020-04-21 | Positions: 10
[alpha_stack] loaded=['trend', 'meanrev', 'volatility', 'statarb']  skipped=[]
  Date 2020-04-30 | Train: 2020-01-02 to 2020-04-22 | Positions: 10
[alpha_stack] loaded=['trend', 'meanrev', 'volatility', 'statarb']  skipped=[]
  Date 2020-05-01 | Train: 2020-01-02 to 2020-04-23 | Positions: 10
[alpha_stack] loaded=['trend', 'meanrev', 'volatility', 'statarb']  skipped=[]
  Date 2020-05-04 | Train: 2020-01-02 to 2020-04-24 | Positions: 10
[alpha_stack] loaded=['trend', 'meanrev', 'volatility', 'statarb']  skipped=[]
  Date 2020-05-05 | Train: 2020-01-02 to 2020-04-27 | Positions: 10
[alpha_stack] loaded=['trend', 'meanrev', 'volatility', 'statarb']  skipped=[]
  Date 2020-05-06 | Train: 2020-01-02 to 2020-04-28 | Positions: 10
[alpha_stack] loaded=['trend', 'meanrev', 'volatility', 'statarb']  skipped=[]
  Date 2020-05-07 | Train: 2020-01-02 to 2020-04-29 | Positions: 10
[alpha_stack] loaded=['trend', 'meanrev', 'volatility', 'statarb']  skipped=[]
  Date 2020-05-08 | Train: 2020-01-02 to 2020-04-30 | Positions: 10
[alpha_stack] loaded=['trend', 'meanrev', 'volatility', 'statarb']  skipped=[]
  Date 2020-05-11 | Train: 2020-01-02 to 2020-05-01 | Positions: 10
[alpha_stack] loaded=['trend', 'meanrev', 'volatility', 'statarb']  skipped=[]
  Date 2020-05-12 | Train: 2020-01-02 to 2020-05-04 | Positions: 10
[alpha_stack] loaded=['trend', 'meanrev', 'volatility', 'statarb']  skipped=[]
  Date 2020-05-13 | Train: 2020-01-02 to 2020-05-05 | Positions: 10
[alpha_stack] loaded=['trend', 'meanrev', 'volatility', 'statarb']  skipped=[]
  Date 2020-05-14 | Train: 2020-01-02 to 2020-05-06 | Positions: 10
[alpha_stack] loaded=['trend', 'meanrev', 'volatility', 'statarb']  skipped=[]
  Date 2020-05-15 | Train: 2020-01-02 to 2020-05-07 | Positions: 10
[alpha_stack] loaded=['trend', 'meanrev', 'volatility', 'statarb']  skipped=[]
  Date 2020-05-18 | Train: 2020-01-02 to 2020-05-08 | Positions: 10
[alpha_stack] loaded=['trend', 'meanrev', 'volatility', 'statarb']  skipped=[]
  Date 2020-05-19 | Train: 2020-01-02 to 2020-05-11 | Positions: 10
[alpha_stack] loaded=['trend', 'meanrev', 'volatility', 'statarb']  skipped=[]
  Date 2020-05-20 | Train: 2020-01-02 to 2020-05-12 | Positions: 10
[alpha_stack] loaded=['trend', 'meanrev', 'volatility', 'statarb']  skipped=[]
  Date 2020-05-21 | Train: 2020-01-02 to 2020-05-13 | Positions: 10
[alpha_stack] loaded=['trend', 'meanrev', 'volatility', 'statarb']  skipped=[]
  Date 2020-05-22 | Train: 2020-01-02 to 2020-05-14 | Positions: 10
[alpha_stack] loaded=['trend', 'meanrev', 'volatility', 'statarb']  skipped=[]
  Date 2020-05-26 | Train: 2020-01-02 to 2020-05-15 | Positions: 10
[alpha_stack] loaded=['trend', 'meanrev', 'volatility', 'statarb']  skipped=[]
  Date 2020-05-27 | Train: 2020-01-02 to 2020-05-18 | Positions: 10
[alpha_stack] loaded=['trend', 'meanrev', 'volatility', 'statarb']  skipped=[]
  Date 2020-05-28 | Train: 2020-01-02 to 2020-05-19 | Positions: 10
[alpha_stack] loaded=['trend', 'meanrev', 'volatility', 'statarb']  skipped=[]
  Date 2020-05-29 | Train: 2020-01-02 to 2020-05-20 | Positions: 10
[alpha_stack] loaded=['trend', 'meanrev', 'volatility', 'statarb']  skipped=[]
  Date 2020-06-01 | Train: 2020-01-02 to 2020-05-21 | Positions: 10
[alpha_stack] loaded=['trend', 'meanrev', 'volatility', 'statarb']  skipped=[]
  Date 2020-06-02 | Train: 2020-01-02 to 2020-05-22 | Positions: 10
[alpha_stack] loaded=['trend', 'meanrev', 'volatility', 'statarb']  skipped=[]
  Date 2020-06-03 | Train: 2020-01-02 to 2020-05-26 | Positions: 10
[alpha_stack] loaded=['trend', 'meanrev', 'volatility', 'statarb']  skipped=[]
  Date 2020-06-04 | Train: 2020-01-02 to 2020-05-27 | Positions: 10
[alpha_stack] loaded=['trend', 'meanrev', 'volatility', 'statarb']  skipped=[]
  Date 2020-06-05 | Train: 2020-01-02 to 2020-05-28 | Positions: 10
[alpha_stack] loaded=['trend', 'meanrev', 'volatility', 'statarb']  skipped=[]
  Date 2020-06-08 | Train: 2020-01-02 to 2020-05-29 | Positions: 10
[alpha_stack] loaded=['trend', 'meanrev', 'volatility', 'statarb']  skipped=[]
  Date 2020-06-09 | Train: 2020-01-02 to 2020-06-01 | Positions: 10
[alpha_stack] loaded=['trend', 'meanrev', 'volatility', 'statarb']  skipped=[]
  Date 2020-06-10 | Train: 2020-01-02 to 2020-06-02 | Positions: 10
[alpha_stack] loaded=['trend', 'meanrev', 'volatility', 'statarb']  skipped=[]
  Date 2020-06-11 | Train: 2020-01-02 to 2020-06-03 | Positions: 10
[alpha_stack] loaded=['trend', 'meanrev', 'volatility', 'statarb']  skipped=[]
  Date 2020-06-12 | Train: 2020-01-02 to 2020-06-04 | Positions: 10
[alpha_stack] loaded=['trend', 'meanrev', 'volatility', 'statarb']  skipped=[]
  Date 2020-06-15 | Train: 2020-01-02 to 2020-06-05 | Positions: 10
[alpha_stack] loaded=['trend', 'meanrev', 'volatility', 'statarb']  skipped=[]
  Date 2020-06-16 | Train: 2020-01-02 to 2020-06-08 | Positions: 10
[alpha_stack] loaded=['trend', 'meanrev', 'volatility', 'statarb']  skipped=[]
  Date 2020-06-17 | Train: 2020-01-02 to 2020-06-09 | Positions: 10
[alpha_stack] loaded=['trend', 'meanrev', 'volatility', 'statarb']  skipped=[]
  Date 2020-06-18 | Train: 2020-01-02 to 2020-06-10 | Positions: 10
[alpha_stack] loaded=['trend', 'meanrev', 'volatility', 'statarb']  skipped=[]
  Date 2020-06-19 | Train: 2020-01-02 to 2020-06-11 | Positions: 10
[alpha_stack] loaded=['trend', 'meanrev', 'volatility', 'statarb']  skipped=[]
  Date 2020-06-22 | Train: 2020-01-02 to 2020-06-12 | Positions: 10
[alpha_stack] loaded=['trend', 'meanrev', 'volatility', 'statarb']  skipped=[]
  Date 2020-06-23 | Train: 2020-01-02 to 2020-06-15 | Positions: 10
[alpha_stack] loaded=['trend', 'meanrev', 'volatility', 'statarb']  skipped=[]
  Date 2020-06-24 | Train: 2020-01-02 to 2020-06-16 | Positions: 10
[alpha_stack] loaded=['trend', 'meanrev', 'volatility', 'statarb']  skipped=[]
  Date 2020-06-25 | Train: 2020-01-02 to 2020-06-17 | Positions: 10
[alpha_stack] loaded=['trend', 'meanrev', 'volatility', 'statarb']  skipped=[]
  Date 2020-06-26 | Train: 2020-01-02 to 2020-06-18 | Positions: 10
[alpha_stack] loaded=['trend', 'meanrev', 'volatility', 'statarb']  skipped=[]
  Date 2020-06-29 | Train: 2020-01-02 to 2020-06-19 | Positions: 10
[alpha_stack] loaded=['trend', 'meanrev', 'volatility', 'statarb']  skipped=[]
  Date 2020-06-30 | Train: 2020-01-02 to 2020-06-22 | Positions: 10
[alpha_stack] loaded=['trend', 'meanrev', 'volatility', 'statarb']  skipped=[]
  Date 2020-07-01 | Train: 2020-01-02 to 2020-06-23 | Positions: 10
[alpha_stack] loaded=['trend', 'meanrev', 'volatility', 'statarb']  skipped=[]
  Date 2020-07-02 | Train: 2020-01-02 to 2020-06-24 | Positions: 10
[alpha_stack] loaded=['trend', 'meanrev', 'volatility', 'statarb']  skipped=[]
  Date 2020-07-06 | Train: 2020-01-02 to 2020-06-25 | Positions: 10
[alpha_stack] loaded=['trend', 'meanrev', 'volatility', 'statarb']  skipped=[]
  Date 2020-07-07 | Train: 2020-01-02 to 2020-06-26 | Positions: 10
[alpha_stack] loaded=['trend', 'meanrev', 'volatility', 'statarb']  skipped=[]
  Date 2020-07-08 | Train: 2020-01-02 to 2020-06-29 | Positions: 10
[alpha_stack] loaded=['trend', 'meanrev', 'volatility', 'statarb']  skipped=[]
  Date 2020-07-09 | Train: 2020-01-02 to 2020-06-30 | Positions: 10
[alpha_stack] loaded=['trend', 'meanrev', 'volatility', 'statarb']  skipped=[]
  Date 2020-07-10 | Train: 2020-01-02 to 2020-07-01 | Positions: 10
[alpha_stack] loaded=['trend', 'meanrev', 'volatility', 'statarb']  skipped=[]
  Date 2020-07-13 | Train: 2020-01-02 to 2020-07-02 | Positions: 10
[alpha_stack] loaded=['trend', 'meanrev', 'volatility', 'statarb']  skipped=[]
  Date 2020-07-14 | Train: 2020-01-02 to 2020-07-06 | Positions: 10
[alpha_stack] loaded=['trend', 'meanrev', 'volatility', 'statarb']  skipped=[]
  Date 2020-07-15 | Train: 2020-01-02 to 2020-07-07 | Positions: 10
[alpha_stack] loaded=['trend', 'meanrev', 'volatility', 'statarb']  skipped=[]
  Date 2020-07-16 | Train: 2020-01-02 to 2020-07-08 | Positions: 10
[alpha_stack] loaded=['trend', 'meanrev', 'volatility', 'statarb']  skipped=[]
  Date 2020-07-17 | Train: 2020-01-02 to 2020-07-09 | Positions: 10
[alpha_stack] loaded=['trend', 'meanrev', 'volatility', 'statarb']  skipped=[]
  Date 2020-07-20 | Train: 2020-01-02 to 2020-07-10 | Positions: 10
[alpha_stack] loaded=['trend', 'meanrev', 'volatility', 'statarb']  skipped=[]
  Date 2020-07-21 | Train: 2020-01-02 to 2020-07-13 | Positions: 10
[alpha_stack] loaded=['trend', 'meanrev', 'volatility', 'statarb']  skipped=[]
  Date 2020-07-22 | Train: 2020-01-02 to 2020-07-14 | Positions: 10
[alpha_stack] loaded=['trend', 'meanrev', 'volatility', 'statarb']  skipped=[]
  Date 2020-07-23 | Train: 2020-01-02 to 2020-07-15 | Positions: 10
[alpha_stack] loaded=['trend', 'meanrev', 'volatility', 'statarb']  skipped=[]
  Date 2020-07-24 | Train: 2020-01-02 to 2020-07-16 | Positions: 10
[alpha_stack] loaded=['trend', 'meanrev', 'volatility', 'statarb']  skipped=[]
  Date 2020-07-27 | Train: 2020-01-02 to 2020-07-17 | Positions: 10
[alpha_stack] loaded=['trend', 'meanrev', 'volatility', 'statarb']  skipped=[]
  Date 2020-07-28 | Train: 2020-01-02 to 2020-07-20 | Positions: 10
[alpha_stack] loaded=['trend', 'meanrev', 'volatility', 'statarb']  skipped=[]
  Date 2020-07-29 | Train: 2020-01-02 to 2020-07-21 | Positions: 10
[alpha_stack] loaded=['trend', 'meanrev', 'volatility', 'statarb']  skipped=[]
  Date 2020-07-30 | Train: 2020-01-02 to 2020-07-22 | Positions: 10
[alpha_stack] loaded=['trend', 'meanrev', 'volatility', 'statarb']  skipped=[]
  Date 2020-07-31 | Train: 2020-01-02 to 2020-07-23 | Positions: 10
[alpha_stack] loaded=['trend', 'meanrev', 'volatility', 'statarb']  skipped=[]
  Date 2020-08-03 | Train: 2020-01-02 to 2020-07-24 | Positions: 10
[alpha_stack] loaded=['trend', 'meanrev', 'volatility', 'statarb']  skipped=[]
  Date 2020-08-04 | Train: 2020-01-02 to 2020-07-27 | Positions: 10
[alpha_stack] loaded=['trend', 'meanrev', 'volatility', 'statarb']  skipped=[]
  Date 2020-08-05 | Train: 2020-01-02 to 2020-07-28 | Positions: 10
[alpha_stack] loaded=['trend', 'meanrev', 'volatility', 'statarb']  skipped=[]
  Date 2020-08-06 | Train: 2020-01-02 to 2020-07-29 | Positions: 10
[alpha_stack] loaded=['trend', 'meanrev', 'volatility', 'statarb']  skipped=[]
  Date 2020-08-07 | Train: 2020-01-02 to 2020-07-30 | Positions: 10
[alpha_stack] loaded=['trend', 'meanrev', 'volatility', 'statarb']  skipped=[]
  Date 2020-08-10 | Train: 2020-01-02 to 2020-07-31 | Positions: 10
[alpha_stack] loaded=['trend', 'meanrev', 'volatility', 'statarb']  skipped=[]
  Date 2020-08-11 | Train: 2020-01-02 to 2020-08-03 | Positions: 10
[alpha_stack] loaded=['trend', 'meanrev', 'volatility', 'statarb']  skipped=[]
  Date 2020-08-12 | Train: 2020-01-02 to 2020-08-04 | Positions: 10
[alpha_stack] loaded=['trend', 'meanrev', 'volatility', 'statarb']  skipped=[]
  Date 2020-08-13 | Train: 2020-01-02 to 2020-08-05 | Positions: 10
[alpha_stack] loaded=['trend', 'meanrev', 'volatility', 'statarb']  skipped=[]
  Date 2020-08-14 | Train: 2020-01-02 to 2020-08-06 | Positions: 10
[alpha_stack] loaded=['trend', 'meanrev', 'volatility', 'statarb']  skipped=[]
  Date 2020-08-17 | Train: 2020-01-02 to 2020-08-07 | Positions: 10
[alpha_stack] loaded=['trend', 'meanrev', 'volatility', 'statarb']  skipped=[]
  Date 2020-08-18 | Train: 2020-01-02 to 2020-08-10 | Positions: 10
[alpha_stack] loaded=['trend', 'meanrev', 'volatility', 'statarb']  skipped=[]
  Date 2020-08-19 | Train: 2020-01-02 to 2020-08-11 | Positions: 10
[alpha_stack] loaded=['trend', 'meanrev', 'volatility', 'statarb']  skipped=[]
  Date 2020-08-20 | Train: 2020-01-02 to 2020-08-12 | Positions: 10
[alpha_stack] loaded=['trend', 'meanrev', 'volatility', 'statarb']  skipped=[]
  Date 2020-08-21 | Train: 2020-01-02 to 2020-08-13 | Positions: 10
[alpha_stack] loaded=['trend', 'meanrev', 'volatility', 'statarb']  skipped=[]
  Date 2020-08-24 | Train: 2020-01-02 to 2020-08-14 | Positions: 10
[alpha_stack] loaded=['trend', 'meanrev', 'volatility', 'statarb']  skipped=[]
  Date 2020-08-25 | Train: 2020-01-02 to 2020-08-17 | Positions: 10
[alpha_stack] loaded=['trend', 'meanrev', 'volatility', 'statarb']  skipped=[]
  Date 2020-08-26 | Train: 2020-01-02 to 2020-08-18 | Positions: 10
[alpha_stack] loaded=['trend', 'meanrev', 'volatility', 'statarb']  skipped=[]
  Date 2020-08-27 | Train: 2020-01-02 to 2020-08-19 | Positions: 10
[alpha_stack] loaded=['trend', 'meanrev', 'volatility', 'statarb']  skipped=[]
  Date 2020-08-28 | Train: 2020-01-02 to 2020-08-20 | Positions: 10
[alpha_stack] loaded=['trend', 'meanrev', 'volatility', 'statarb']  skipped=[]
  Date 2020-08-31 | Train: 2020-01-02 to 2020-08-21 | Positions: 10
[alpha_stack] loaded=['trend', 'meanrev', 'volatility', 'statarb']  skipped=[]
  Date 2020-09-01 | Train: 2020-01-02 to 2020-08-24 | Positions: 10
[alpha_stack] loaded=['trend', 'meanrev', 'volatility', 'statarb']  skipped=[]
  Date 2020-09-02 | Train: 2020-01-02 to 2020-08-25 | Positions: 10
[alpha_stack] loaded=['trend', 'meanrev', 'volatility', 'statarb']  skipped=[]
  Date 2020-09-03 | Train: 2020-01-02 to 2020-08-26 | Positions: 10
[alpha_stack] loaded=['trend', 'meanrev', 'volatility', 'statarb']  skipped=[]
  Date 2020-09-04 | Train: 2020-01-02 to 2020-08-27 | Positions: 10
[alpha_stack] loaded=['trend', 'meanrev', 'volatility', 'statarb']  skipped=[]
  Date 2020-09-08 | Train: 2020-01-02 to 2020-08-28 | Positions: 10
[alpha_stack] loaded=['trend', 'meanrev', 'volatility', 'statarb']  skipped=[]
  Date 2020-09-09 | Train: 2020-01-02 to 2020-08-31 | Positions: 10
[alpha_stack] loaded=['trend', 'meanrev', 'volatility', 'statarb']  skipped=[]
  Date 2020-09-10 | Train: 2020-01-02 to 2020-09-01 | Positions: 10
[alpha_stack] loaded=['trend', 'meanrev', 'volatility', 'statarb']  skipped=[]
  Date 2020-09-11 | Train: 2020-01-02 to 2020-09-02 | Positions: 10
[alpha_stack] loaded=['trend', 'meanrev', 'volatility', 'statarb']  skipped=[]
  Date 2020-09-14 | Train: 2020-01-02 to 2020-09-03 | Positions: 10
[alpha_stack] loaded=['trend', 'meanrev', 'volatility', 'statarb']  skipped=[]
  Date 2020-09-15 | Train: 2020-01-02 to 2020-09-04 | Positions: 10
[alpha_stack] loaded=['trend', 'meanrev', 'volatility', 'statarb']  skipped=[]
  Date 2020-09-16 | Train: 2020-01-02 to 2020-09-08 | Positions: 10
[alpha_stack] loaded=['trend', 'meanrev', 'volatility', 'statarb']  skipped=[]
  Date 2020-09-17 | Train: 2020-01-02 to 2020-09-09 | Positions: 10
[alpha_stack] loaded=['trend', 'meanrev', 'volatility', 'statarb']  skipped=[]
  Date 2020-09-18 | Train: 2020-01-02 to 2020-09-10 | Positions: 10
[alpha_stack] loaded=['trend', 'meanrev', 'volatility', 'statarb']  skipped=[]
  Date 2020-09-21 | Train: 2020-01-02 to 2020-09-11 | Positions: 10
[alpha_stack] loaded=['trend', 'meanrev', 'volatility', 'statarb']  skipped=[]
  Date 2020-09-22 | Train: 2020-01-02 to 2020-09-14 | Positions: 10
[alpha_stack] loaded=['trend', 'meanrev', 'volatility', 'statarb']  skipped=[]
  Date 2020-09-23 | Train: 2020-01-02 to 2020-09-15 | Positions: 10
[alpha_stack] loaded=['trend', 'meanrev', 'volatility', 'statarb']  skipped=[]
  Date 2020-09-24 | Train: 2020-01-02 to 2020-09-16 | Positions: 10
[alpha_stack] loaded=['trend', 'meanrev', 'volatility', 'statarb']  skipped=[]
  Date 2020-09-25 | Train: 2020-01-02 to 2020-09-17 | Positions: 10
[alpha_stack] loaded=['trend', 'meanrev', 'volatility', 'statarb']  skipped=[]
  Date 2020-09-28 | Train: 2020-01-02 to 2020-09-18 | Positions: 10
[alpha_stack] loaded=['trend', 'meanrev', 'volatility', 'statarb']  skipped=[]
  Date 2020-09-29 | Train: 2020-01-02 to 2020-09-21 | Positions: 10
[alpha_stack] loaded=['trend', 'meanrev', 'volatility', 'statarb']  skipped=[]
  Date 2020-09-30 | Train: 2020-01-02 to 2020-09-22 | Positions: 10
[alpha_stack] loaded=['trend', 'meanrev', 'volatility', 'statarb']  skipped=[]
  Date 2020-10-01 | Train: 2020-01-02 to 2020-09-23 | Positions: 10
[alpha_stack] loaded=['trend', 'meanrev', 'volatility', 'statarb']  skipped=[]
  Date 2020-10-02 | Train: 2020-01-02 to 2020-09-24 | Positions: 10
[alpha_stack] loaded=['trend', 'meanrev', 'volatility', 'statarb']  skipped=[]
  Date 2020-10-05 | Train: 2020-01-02 to 2020-09-25 | Positions: 10
[alpha_stack] loaded=['trend', 'meanrev', 'volatility', 'statarb']  skipped=[]
  Date 2020-10-06 | Train: 2020-01-02 to 2020-09-28 | Positions: 10
[alpha_stack] loaded=['trend', 'meanrev', 'volatility', 'statarb']  skipped=[]
  Date 2020-10-07 | Train: 2020-01-02 to 2020-09-29 | Positions: 10
[alpha_stack] loaded=['trend', 'meanrev', 'volatility', 'statarb']  skipped=[]
  Date 2020-10-08 | Train: 2020-01-02 to 2020-09-30 | Positions: 10
[alpha_stack] loaded=['trend', 'meanrev', 'volatility', 'statarb']  skipped=[]
  Date 2020-10-09 | Train: 2020-01-02 to 2020-10-01 | Positions: 10
[alpha_stack] loaded=['trend', 'meanrev', 'volatility', 'statarb']  skipped=[]
  Date 2020-10-12 | Train: 2020-01-02 to 2020-10-02 | Positions: 10
[alpha_stack] loaded=['trend', 'meanrev', 'volatility', 'statarb']  skipped=[]
  Date 2020-10-13 | Train: 2020-01-02 to 2020-10-05 | Positions: 10
[alpha_stack] loaded=['trend', 'meanrev', 'volatility', 'statarb']  skipped=[]
  Date 2020-10-14 | Train: 2020-01-02 to 2020-10-06 | Positions: 10
[alpha_stack] loaded=['trend', 'meanrev', 'volatility', 'statarb']  skipped=[]
  Date 2020-10-15 | Train: 2020-01-02 to 2020-10-07 | Positions: 10
[alpha_stack] loaded=['trend', 'meanrev', 'volatility', 'statarb']  skipped=[]
  Date 2020-10-16 | Train: 2020-01-02 to 2020-10-08 | Positions: 10
[alpha_stack] loaded=['trend', 'meanrev', 'volatility', 'statarb']  skipped=[]
  Date 2020-10-19 | Train: 2020-01-02 to 2020-10-09 | Positions: 10
[alpha_stack] loaded=['trend', 'meanrev', 'volatility', 'statarb']  skipped=[]
  Date 2020-10-20 | Train: 2020-01-02 to 2020-10-12 | Positions: 10
[alpha_stack] loaded=['trend', 'meanrev', 'volatility', 'statarb']  skipped=[]
  Date 2020-10-21 | Train: 2020-01-02 to 2020-10-13 | Positions: 10
[alpha_stack] loaded=['trend', 'meanrev', 'volatility', 'statarb']  skipped=[]
  Date 2020-10-22 | Train: 2020-01-02 to 2020-10-14 | Positions: 10
[alpha_stack] loaded=['trend', 'meanrev', 'volatility', 'statarb']  skipped=[]
  Date 2020-10-23 | Train: 2020-01-02 to 2020-10-15 | Positions: 10
[alpha_stack] loaded=['trend', 'meanrev', 'volatility', 'statarb']  skipped=[]
  Date 2020-10-26 | Train: 2020-01-02 to 2020-10-16 | Positions: 10
[alpha_stack] loaded=['trend', 'meanrev', 'volatility', 'statarb']  skipped=[]
  Date 2020-10-27 | Train: 2020-01-02 to 2020-10-19 | Positions: 10
[alpha_stack] loaded=['trend', 'meanrev', 'volatility', 'statarb']  skipped=[]
  Date 2020-10-28 | Train: 2020-01-02 to 2020-10-20 | Positions: 10
[alpha_stack] loaded=['trend', 'meanrev', 'volatility', 'statarb']  skipped=[]
  Date 2020-10-29 | Train: 2020-01-02 to 2020-10-21 | Positions: 10
[alpha_stack] loaded=['trend', 'meanrev', 'volatility', 'statarb']  skipped=[]
  Date 2020-10-30 | Train: 2020-01-02 to 2020-10-22 | Positions: 10
[alpha_stack] loaded=['trend', 'meanrev', 'volatility', 'statarb']  skipped=[]
  Date 2020-11-02 | Train: 2020-01-02 to 2020-10-23 | Positions: 10
[alpha_stack] loaded=['trend', 'meanrev', 'volatility', 'statarb']  skipped=[]
  Date 2020-11-03 | Train: 2020-01-02 to 2020-10-26 | Positions: 10
[alpha_stack] loaded=['trend', 'meanrev', 'volatility', 'statarb']  skipped=[]
  Date 2020-11-04 | Train: 2020-01-02 to 2020-10-27 | Positions: 10
[alpha_stack] loaded=['trend', 'meanrev', 'volatility', 'statarb']  skipped=[]
  Date 2020-11-05 | Train: 2020-01-02 to 2020-10-28 | Positions: 10
[alpha_stack] loaded=['trend', 'meanrev', 'volatility', 'statarb']  skipped=[]
  Date 2020-11-06 | Train: 2020-01-02 to 2020-10-29 | Positions: 10
[alpha_stack] loaded=['trend', 'meanrev', 'volatility', 'statarb']  skipped=[]
  Date 2020-11-09 | Train: 2020-01-02 to 2020-10-30 | Positions: 10
[alpha_stack] loaded=['trend', 'meanrev', 'volatility', 'statarb']  skipped=[]
  Date 2020-11-10 | Train: 2020-01-02 to 2020-11-02 | Positions: 10
[alpha_stack] loaded=['trend', 'meanrev', 'volatility', 'statarb']  skipped=[]
  Date 2020-11-11 | Train: 2020-01-02 to 2020-11-03 | Positions: 10
[alpha_stack] loaded=['trend', 'meanrev', 'volatility', 'statarb']  skipped=[]
  Date 2020-11-12 | Train: 2020-01-02 to 2020-11-04 | Positions: 10
[alpha_stack] loaded=['trend', 'meanrev', 'volatility', 'statarb']  skipped=[]
  Date 2020-11-13 | Train: 2020-01-02 to 2020-11-05 | Positions: 10
[alpha_stack] loaded=['trend', 'meanrev', 'volatility', 'statarb']  skipped=[]
  Date 2020-11-16 | Train: 2020-01-02 to 2020-11-06 | Positions: 10
[alpha_stack] loaded=['trend', 'meanrev', 'volatility', 'statarb']  skipped=[]
  Date 2020-11-17 | Train: 2020-01-02 to 2020-11-09 | Positions: 10
[alpha_stack] loaded=['trend', 'meanrev', 'volatility', 'statarb']  skipped=[]
  Date 2020-11-18 | Train: 2020-01-02 to 2020-11-10 | Positions: 10
[alpha_stack] loaded=['trend', 'meanrev', 'volatility', 'statarb']  skipped=[]
  Date 2020-11-19 | Train: 2020-01-02 to 2020-11-11 | Positions: 10
[alpha_stack] loaded=['trend', 'meanrev', 'volatility', 'statarb']  skipped=[]
  Date 2020-11-20 | Train: 2020-01-02 to 2020-11-12 | Positions: 10
[alpha_stack] loaded=['trend', 'meanrev', 'volatility', 'statarb']  skipped=[]
  Date 2020-11-23 | Train: 2020-01-02 to 2020-11-13 | Positions: 10
[alpha_stack] loaded=['trend', 'meanrev', 'volatility', 'statarb']  skipped=[]
  Date 2020-11-24 | Train: 2020-01-02 to 2020-11-16 | Positions: 10
[alpha_stack] loaded=['trend', 'meanrev', 'volatility', 'statarb']  skipped=[]
  Date 2020-11-25 | Train: 2020-01-02 to 2020-11-17 | Positions: 10
[alpha_stack] loaded=['trend', 'meanrev', 'volatility', 'statarb']  skipped=[]
  Date 2020-11-27 | Train: 2020-01-02 to 2020-11-18 | Positions: 10
[alpha_stack] loaded=['trend', 'meanrev', 'volatility', 'statarb']  skipped=[]
  Date 2020-11-30 | Train: 2020-01-02 to 2020-11-19 | Positions: 10
[alpha_stack] loaded=['trend', 'meanrev', 'volatility', 'statarb']  skipped=[]
  Date 2020-12-01 | Train: 2020-01-02 to 2020-11-20 | Positions: 10
[alpha_stack] loaded=['trend', 'meanrev', 'volatility', 'statarb']  skipped=[]
  Date 2020-12-02 | Train: 2020-01-02 to 2020-11-23 | Positions: 10
[alpha_stack] loaded=['trend', 'meanrev', 'volatility', 'statarb']  skipped=[]
  Date 2020-12-03 | Train: 2020-01-02 to 2020-11-24 | Positions: 10
[alpha_stack] loaded=['trend', 'meanrev', 'volatility', 'statarb']  skipped=[]
  Date 2020-12-04 | Train: 2020-01-02 to 2020-11-25 | Positions: 10
[alpha_stack] loaded=['trend', 'meanrev', 'volatility', 'statarb']  skipped=[]
  Date 2020-12-07 | Train: 2020-01-02 to 2020-11-27 | Positions: 10
[alpha_stack] loaded=['trend', 'meanrev', 'volatility', 'statarb']  skipped=[]
  Date 2020-12-08 | Train: 2020-01-02 to 2020-11-30 | Positions: 10
[alpha_stack] loaded=['trend', 'meanrev', 'volatility', 'statarb']  skipped=[]
  Date 2020-12-09 | Train: 2020-01-02 to 2020-12-01 | Positions: 10
[alpha_stack] loaded=['trend', 'meanrev', 'volatility', 'statarb']  skipped=[]
  Date 2020-12-10 | Train: 2020-01-02 to 2020-12-02 | Positions: 10
[alpha_stack] loaded=['trend', 'meanrev', 'volatility', 'statarb']  skipped=[]
  Date 2020-12-11 | Train: 2020-01-02 to 2020-12-03 | Positions: 10
[alpha_stack] loaded=['trend', 'meanrev', 'volatility', 'statarb']  skipped=[]
  Date 2020-12-14 | Train: 2020-01-02 to 2020-12-04 | Positions: 10
[alpha_stack] loaded=['trend', 'meanrev', 'volatility', 'statarb']  skipped=[]
  Date 2020-12-15 | Train: 2020-01-02 to 2020-12-07 | Positions: 10
[alpha_stack] loaded=['trend', 'meanrev', 'volatility', 'statarb']  skipped=[]
  Date 2020-12-16 | Train: 2020-01-02 to 2020-12-08 | Positions: 10
[alpha_stack] loaded=['trend', 'meanrev', 'volatility', 'statarb']  skipped=[]
  Date 2020-12-17 | Train: 2020-01-02 to 2020-12-09 | Positions: 10
[alpha_stack] loaded=['trend', 'meanrev', 'volatility', 'statarb']  skipped=[]
  Date 2020-12-18 | Train: 2020-01-02 to 2020-12-10 | Positions: 10
[alpha_stack] loaded=['trend', 'meanrev', 'volatility', 'statarb']  skipped=[]
  Date 2020-12-21 | Train: 2020-01-02 to 2020-12-11 | Positions: 10
[alpha_stack] loaded=['trend', 'meanrev', 'volatility', 'statarb']  skipped=[]
  Date 2020-12-22 | Train: 2020-01-02 to 2020-12-14 | Positions: 10
[alpha_stack] loaded=['trend', 'meanrev', 'volatility', 'statarb']  skipped=[]
  Date 2020-12-23 | Train: 2020-01-02 to 2020-12-15 | Positions: 10
[alpha_stack] loaded=['trend', 'meanrev', 'volatility', 'statarb']  skipped=[]
  Date 2020-12-24 | Train: 2020-01-02 to 2020-12-16 | Positions: 10
[alpha_stack] loaded=['trend', 'meanrev', 'volatility', 'statarb']  skipped=[]
  Date 2020-12-28 | Train: 2020-01-02 to 2020-12-17 | Positions: 10
[alpha_stack] loaded=['trend', 'meanrev', 'volatility', 'statarb']  skipped=[]
  Date 2020-12-29 | Train: 2020-01-02 to 2020-12-18 | Positions: 10
[alpha_stack] loaded=['trend', 'meanrev', 'volatility', 'statarb']  skipped=[]
  Date 2020-12-30 | Train: 2020-01-02 to 2020-12-21 | Positions: 10
[alpha_stack] loaded=['trend', 'meanrev', 'volatility', 'statarb']  skipped=[]
  Date 2020-12-31 | Train: 2020-01-02 to 2020-12-22 | Positions: 10
[alpha_stack] loaded=['trend', 'meanrev', 'volatility', 'statarb']  skipped=[]
  Date 2021-01-04 | Train: 2020-01-02 to 2020-12-23 | Positions: 10
[alpha_stack] loaded=['trend', 'meanrev', 'volatility', 'statarb']  skipped=[]
  Date 2021-01-05 | Train: 2020-01-02 to 2020-12-24 | Positions: 10
[alpha_stack] loaded=['trend', 'meanrev', 'volatility', 'statarb']  skipped=[]
  Date 2021-01-06 | Train: 2020-01-02 to 2020-12-28 | Positions: 10
[alpha_stack] loaded=['trend', 'meanrev', 'volatility', 'statarb']  skipped=[]
  Date 2021-01-07 | Train: 2020-01-02 to 2020-12-29 | Positions: 10
[alpha_stack] loaded=['trend', 'meanrev', 'volatility', 'statarb']  skipped=[]
  Date 2021-01-08 | Train: 2020-01-02 to 2020-12-30 | Positions: 10
[alpha_stack] loaded=['trend', 'meanrev', 'volatility', 'statarb']  skipped=[]
  Date 2021-01-11 | Train: 2020-01-03 to 2020-12-31 | Positions: 10
[alpha_stack] loaded=['trend', 'meanrev', 'volatility', 'statarb']  skipped=[]
  Date 2021-01-12 | Train: 2020-01-06 to 2021-01-04 | Positions: 10
[alpha_stack] loaded=['trend', 'meanrev', 'volatility', 'statarb']  skipped=[]
  Date 2021-01-13 | Train: 2020-01-07 to 2021-01-05 | Positions: 10
[alpha_stack] loaded=['trend', 'meanrev', 'volatility', 'statarb']  skipped=[]
  Date 2021-01-14 | Train: 2020-01-08 to 2021-01-06 | Positions: 10
[alpha_stack] loaded=['trend', 'meanrev', 'volatility', 'statarb']  skipped=[]
  Date 2021-01-15 | Train: 2020-01-09 to 2021-01-07 | Positions: 10
[alpha_stack] loaded=['trend', 'meanrev', 'volatility', 'statarb']  skipped=[]
  Date 2021-01-19 | Train: 2020-01-10 to 2021-01-08 | Positions: 10
[alpha_stack] loaded=['trend', 'meanrev', 'volatility', 'statarb']  skipped=[]
  Date 2021-01-20 | Train: 2020-01-13 to 2021-01-11 | Positions: 10
[alpha_stack] loaded=['trend', 'meanrev', 'volatility', 'statarb']  skipped=[]
  Date 2021-01-21 | Train: 2020-01-14 to 2021-01-12 | Positions: 10
[alpha_stack] loaded=['trend', 'meanrev', 'volatility', 'statarb']  skipped=[]
  Date 2021-01-22 | Train: 2020-01-15 to 2021-01-13 | Positions: 10
[alpha_stack] loaded=['trend', 'meanrev', 'volatility', 'statarb']  skipped=[]
  Date 2021-01-25 | Train: 2020-01-16 to 2021-01-14 | Positions: 10
[alpha_stack] loaded=['trend', 'meanrev', 'volatility', 'statarb']  skipped=[]
  Date 2021-01-26 | Train: 2020-01-17 to 2021-01-15 | Positions: 10
[alpha_stack] loaded=['trend', 'meanrev', 'volatility', 'statarb']  skipped=[]
  Date 2021-01-27 | Train: 2020-01-21 to 2021-01-19 | Positions: 10
[alpha_stack] loaded=['trend', 'meanrev', 'volatility', 'statarb']  skipped=[]
  Date 2021-01-28 | Train: 2020-01-22 to 2021-01-20 | Positions: 10
[alpha_stack] loaded=['trend', 'meanrev', 'volatility', 'statarb']  skipped=[]
  Date 2021-01-29 | Train: 2020-01-23 to 2021-01-21 | Positions: 10
[alpha_stack] loaded=['trend', 'meanrev', 'volatility', 'statarb']  skipped=[]
  Date 2021-02-01 | Train: 2020-01-24 to 2021-01-22 | Positions: 10
[alpha_stack] loaded=['trend', 'meanrev', 'volatility', 'statarb']  skipped=[]
  Date 2021-02-02 | Train: 2020-01-27 to 2021-01-25 | Positions: 10
[alpha_stack] loaded=['trend', 'meanrev', 'volatility', 'statarb']  skipped=[]
  Date 2021-02-03 | Train: 2020-01-28 to 2021-01-26 | Positions: 10
[alpha_stack] loaded=['trend', 'meanrev', 'volatility', 'statarb']  skipped=[]
  Date 2021-02-04 | Train: 2020-01-29 to 2021-01-27 | Positions: 10
[alpha_stack] loaded=['trend', 'meanrev', 'volatility', 'statarb']  skipped=[]
  Date 2021-02-05 | Train: 2020-01-30 to 2021-01-28 | Positions: 10
[alpha_stack] loaded=['trend', 'meanrev', 'volatility', 'statarb']  skipped=[]
  Date 2021-02-08 | Train: 2020-01-31 to 2021-01-29 | Positions: 10
[alpha_stack] loaded=['trend', 'meanrev', 'volatility', 'statarb']  skipped=[]
  Date 2021-02-09 | Train: 2020-02-03 to 2021-02-01 | Positions: 10
[alpha_stack] loaded=['trend', 'meanrev', 'volatility', 'statarb']  skipped=[]
  Date 2021-02-10 | Train: 2020-02-04 to 2021-02-02 | Positions: 10
[alpha_stack] loaded=['trend', 'meanrev', 'volatility', 'statarb']  skipped=[]
  Date 2021-02-11 | Train: 2020-02-05 to 2021-02-03 | Positions: 10
[alpha_stack] loaded=['trend', 'meanrev', 'volatility', 'statarb']  skipped=[]
  Date 2021-02-12 | Train: 2020-02-06 to 2021-02-04 | Positions: 10
[alpha_stack] loaded=['trend', 'meanrev', 'volatility', 'statarb']  skipped=[]
  Date 2021-02-16 | Train: 2020-02-07 to 2021-02-05 | Positions: 10
[alpha_stack] loaded=['trend', 'meanrev', 'volatility', 'statarb']  skipped=[]
  Date 2021-02-17 | Train: 2020-02-10 to 2021-02-08 | Positions: 10
[alpha_stack] loaded=['trend', 'meanrev', 'volatility', 'statarb']  skipped=[]
  Date 2021-02-18 | Train: 2020-02-11 to 2021-02-09 | Positions: 10
[alpha_stack] loaded=['trend', 'meanrev', 'volatility', 'statarb']  skipped=[]
  Date 2021-02-19 | Train: 2020-02-12 to 2021-02-10 | Positions: 10
[alpha_stack] loaded=['trend', 'meanrev', 'volatility', 'statarb']  skipped=[]
  Date 2021-02-22 | Train: 2020-02-13 to 2021-02-11 | Positions: 10
[alpha_stack] loaded=['trend', 'meanrev', 'volatility', 'statarb']  skipped=[]
  Date 2021-02-23 | Train: 2020-02-14 to 2021-02-12 | Positions: 10
[alpha_stack] loaded=['trend', 'meanrev', 'volatility', 'statarb']  skipped=[]
  Date 2021-02-24 | Train: 2020-02-18 to 2021-02-16 | Positions: 10
[alpha_stack] loaded=['trend', 'meanrev', 'volatility', 'statarb']  skipped=[]
  Date 2021-02-25 | Train: 2020-02-19 to 2021-02-17 | Positions: 10
[alpha_stack] loaded=['trend', 'meanrev', 'volatility', 'statarb']  skipped=[]
  Date 2021-02-26 | Train: 2020-02-20 to 2021-02-18 | Positions: 10
[alpha_stack] loaded=['trend', 'meanrev', 'volatility', 'statarb']  skipped=[]
  Date 2021-03-01 | Train: 2020-02-21 to 2021-02-19 | Positions: 10
[alpha_stack] loaded=['trend', 'meanrev', 'volatility', 'statarb']  skipped=[]
  Date 2021-03-02 | Train: 2020-02-24 to 2021-02-22 | Positions: 10
[alpha_stack] loaded=['trend', 'meanrev', 'volatility', 'statarb']  skipped=[]
  Date 2021-03-03 | Train: 2020-02-25 to 2021-02-23 | Positions: 10
[alpha_stack] loaded=['trend', 'meanrev', 'volatility', 'statarb']  skipped=[]
  Date 2021-03-04 | Train: 2020-02-26 to 2021-02-24 | Positions: 10
[alpha_stack] loaded=['trend', 'meanrev', 'volatility', 'statarb']  skipped=[]
  Date 2021-03-05 | Train: 2020-02-27 to 2021-02-25 | Positions: 10
[alpha_stack] loaded=['trend', 'meanrev', 'volatility', 'statarb']  skipped=[]
  Date 2021-03-08 | Train: 2020-02-28 to 2021-02-26 | Positions: 10
[alpha_stack] loaded=['trend', 'meanrev', 'volatility', 'statarb']  skipped=[]
  Date 2021-03-09 | Train: 2020-03-02 to 2021-03-01 | Positions: 10
[alpha_stack] loaded=['trend', 'meanrev', 'volatility', 'statarb']  skipped=[]
  Date 2021-03-10 | Train: 2020-03-03 to 2021-03-02 | Positions: 10
[alpha_stack] loaded=['trend', 'meanrev', 'volatility', 'statarb']  skipped=[]
  Date 2021-03-11 | Train: 2020-03-04 to 2021-03-03 | Positions: 10
[alpha_stack] loaded=['trend', 'meanrev', 'volatility', 'statarb']  skipped=[]
  Date 2021-03-12 | Train: 2020-03-05 to 2021-03-04 | Positions: 10
[alpha_stack] loaded=['trend', 'meanrev', 'volatility', 'statarb']  skipped=[]
  Date 2021-03-15 | Train: 2020-03-06 to 2021-03-05 | Positions: 10
[alpha_stack] loaded=['trend', 'meanrev', 'volatility', 'statarb']  skipped=[]
  Date 2021-03-16 | Train: 2020-03-09 to 2021-03-08 | Positions: 10
[alpha_stack] loaded=['trend', 'meanrev', 'volatility', 'statarb']  skipped=[]
  Date 2021-03-17 | Train: 2020-03-10 to 2021-03-09 | Positions: 10
[alpha_stack] loaded=['trend', 'meanrev', 'volatility', 'statarb']  skipped=[]
  Date 2021-03-18 | Train: 2020-03-11 to 2021-03-10 | Positions: 10
[alpha_stack] loaded=['trend', 'meanrev', 'volatility', 'statarb']  skipped=[]
  Date 2021-03-19 | Train: 2020-03-12 to 2021-03-11 | Positions: 10
[alpha_stack] loaded=['trend', 'meanrev', 'volatility', 'statarb']  skipped=[]
  Date 2021-03-22 | Train: 2020-03-13 to 2021-03-12 | Positions: 10
[alpha_stack] loaded=['trend', 'meanrev', 'volatility', 'statarb']  skipped=[]
  Date 2021-03-23 | Train: 2020-03-16 to 2021-03-15 | Positions: 10
[alpha_stack] loaded=['trend', 'meanrev', 'volatility', 'statarb']  skipped=[]
  Date 2021-03-24 | Train: 2020-03-17 to 2021-03-16 | Positions: 10
[alpha_stack] loaded=['trend', 'meanrev', 'volatility', 'statarb']  skipped=[]
  Date 2021-03-25 | Train: 2020-03-18 to 2021-03-17 | Positions: 10
[alpha_stack] loaded=['trend', 'meanrev', 'volatility', 'statarb']  skipped=[]
  Date 2021-03-26 | Train: 2020-03-19 to 2021-03-18 | Positions: 10
[alpha_stack] loaded=['trend', 'meanrev', 'volatility', 'statarb']  skipped=[]
  Date 2021-03-29 | Train: 2020-03-20 to 2021-03-19 | Positions: 10
[alpha_stack] loaded=['trend', 'meanrev', 'volatility', 'statarb']  skipped=[]
  Date 2021-03-30 | Train: 2020-03-23 to 2021-03-22 | Positions: 10
[alpha_stack] loaded=['trend', 'meanrev', 'volatility', 'statarb']  skipped=[]
  Date 2021-03-31 | Train: 2020-03-24 to 2021-03-23 | Positions: 10
[alpha_stack] loaded=['trend', 'meanrev', 'volatility', 'statarb']  skipped=[]
  Date 2021-04-01 | Train: 2020-03-25 to 2021-03-24 | Positions: 10
[alpha_stack] loaded=['trend', 'meanrev', 'volatility', 'statarb']  skipped=[]
  Date 2021-04-05 | Train: 2020-03-26 to 2021-03-25 | Positions: 10
[alpha_stack] loaded=['trend', 'meanrev', 'volatility', 'statarb']  skipped=[]
  Date 2021-04-06 | Train: 2020-03-27 to 2021-03-26 | Positions: 10
[alpha_stack] loaded=['trend', 'meanrev', 'volatility', 'statarb']  skipped=[]
  Date 2021-04-07 | Train: 2020-03-30 to 2021-03-29 | Positions: 10
[alpha_stack] loaded=['trend', 'meanrev', 'volatility', 'statarb']  skipped=[]
  Date 2021-04-08 | Train: 2020-03-31 to 2021-03-30 | Positions: 10
[alpha_stack] loaded=['trend', 'meanrev', 'volatility', 'statarb']  skipped=[]
  Date 2021-04-09 | Train: 2020-04-01 to 2021-03-31 | Positions: 10
[alpha_stack] loaded=['trend', 'meanrev', 'volatility', 'statarb']  skipped=[]
  Date 2021-04-12 | Train: 2020-04-02 to 2021-04-01 | Positions: 10
[alpha_stack] loaded=['trend', 'meanrev', 'volatility', 'statarb']  skipped=[]
  Date 2021-04-13 | Train: 2020-04-03 to 2021-04-05 | Positions: 10
[alpha_stack] loaded=['trend', 'meanrev', 'volatility', 'statarb']  skipped=[]
  Date 2021-04-14 | Train: 2020-04-06 to 2021-04-06 | Positions: 10
[alpha_stack] loaded=['trend', 'meanrev', 'volatility', 'statarb']  skipped=[]
  Date 2021-04-15 | Train: 2020-04-07 to 2021-04-07 | Positions: 10
[alpha_stack] loaded=['trend', 'meanrev', 'volatility', 'statarb']  skipped=[]
  Date 2021-04-16 | Train: 2020-04-08 to 2021-04-08 | Positions: 10
[alpha_stack] loaded=['trend', 'meanrev', 'volatility', 'statarb']  skipped=[]
  Date 2021-04-19 | Train: 2020-04-09 to 2021-04-09 | Positions: 10
[alpha_stack] loaded=['trend', 'meanrev', 'volatility', 'statarb']  skipped=[]
  Date 2021-04-20 | Train: 2020-04-13 to 2021-04-12 | Positions: 10
[alpha_stack] loaded=['trend', 'meanrev', 'volatility', 'statarb']  skipped=[]
  Date 2021-04-21 | Train: 2020-04-14 to 2021-04-13 | Positions: 10
[alpha_stack] loaded=['trend', 'meanrev', 'volatility', 'statarb']  skipped=[]
  Date 2021-04-22 | Train: 2020-04-15 to 2021-04-14 | Positions: 10
[alpha_stack] loaded=['trend', 'meanrev', 'volatility', 'statarb']  skipped=[]
  Date 2021-04-23 | Train: 2020-04-16 to 2021-04-15 | Positions: 10
[alpha_stack] loaded=['trend', 'meanrev', 'volatility', 'statarb']  skipped=[]
  Date 2021-04-26 | Train: 2020-04-17 to 2021-04-16 | Positions: 10
[alpha_stack] loaded=['trend', 'meanrev', 'volatility', 'statarb']  skipped=[]
  Date 2021-04-27 | Train: 2020-04-20 to 2021-04-19 | Positions: 10
[alpha_stack] loaded=['trend', 'meanrev', 'volatility', 'statarb']  skipped=[]
  Date 2021-04-28 | Train: 2020-04-21 to 2021-04-20 | Positions: 10
[alpha_stack] loaded=['trend', 'meanrev', 'volatility', 'statarb']  skipped=[]
  Date 2021-04-29 | Train: 2020-04-22 to 2021-04-21 | Positions: 10
[alpha_stack] loaded=['trend', 'meanrev', 'volatility', 'statarb']  skipped=[]
  Date 2021-04-30 | Train: 2020-04-23 to 2021-04-22 | Positions: 10
[alpha_stack] loaded=['trend', 'meanrev', 'volatility', 'statarb']  skipped=[]
  Date 2021-05-03 | Train: 2020-04-24 to 2021-04-23 | Positions: 10
[alpha_stack] loaded=['trend', 'meanrev', 'volatility', 'statarb']  skipped=[]
  Date 2021-05-04 | Train: 2020-04-27 to 2021-04-26 | Positions: 10
[alpha_stack] loaded=['trend', 'meanrev', 'volatility', 'statarb']  skipped=[]
  Date 2021-05-05 | Train: 2020-04-28 to 2021-04-27 | Positions: 10
[alpha_stack] loaded=['trend', 'meanrev', 'volatility', 'statarb']  skipped=[]
  Date 2021-05-06 | Train: 2020-04-29 to 2021-04-28 | Positions: 10
[alpha_stack] loaded=['trend', 'meanrev', 'volatility', 'statarb']  skipped=[]
  Date 2021-05-07 | Train: 2020-04-30 to 2021-04-29 | Positions: 10
[alpha_stack] loaded=['trend', 'meanrev', 'volatility', 'statarb']  skipped=[]
  Date 2021-05-10 | Train: 2020-05-01 to 2021-04-30 | Positions: 10
[alpha_stack] loaded=['trend', 'meanrev', 'volatility', 'statarb']  skipped=[]
  Date 2021-05-11 | Train: 2020-05-04 to 2021-05-03 | Positions: 10
[alpha_stack] loaded=['trend', 'meanrev', 'volatility', 'statarb']  skipped=[]
  Date 2021-05-12 | Train: 2020-05-05 to 2021-05-04 | Positions: 10
[alpha_stack] loaded=['trend', 'meanrev', 'volatility', 'statarb']  skipped=[]
  Date 2021-05-13 | Train: 2020-05-06 to 2021-05-05 | Positions: 10
[alpha_stack] loaded=['trend', 'meanrev', 'volatility', 'statarb']  skipped=[]
  Date 2021-05-14 | Train: 2020-05-07 to 2021-05-06 | Positions: 10
[alpha_stack] loaded=['trend', 'meanrev', 'volatility', 'statarb']  skipped=[]
  Date 2021-05-17 | Train: 2020-05-08 to 2021-05-07 | Positions: 10
[alpha_stack] loaded=['trend', 'meanrev', 'volatility', 'statarb']  skipped=[]
  Date 2021-05-18 | Train: 2020-05-11 to 2021-05-10 | Positions: 10
[alpha_stack] loaded=['trend', 'meanrev', 'volatility', 'statarb']  skipped=[]
  Date 2021-05-19 | Train: 2020-05-12 to 2021-05-11 | Positions: 10
[alpha_stack] loaded=['trend', 'meanrev', 'volatility', 'statarb']  skipped=[]
  Date 2021-05-20 | Train: 2020-05-13 to 2021-05-12 | Positions: 10
[alpha_stack] loaded=['trend', 'meanrev', 'volatility', 'statarb']  skipped=[]
  Date 2021-05-21 | Train: 2020-05-14 to 2021-05-13 | Positions: 10
[alpha_stack] loaded=['trend', 'meanrev', 'volatility', 'statarb']  skipped=[]
  Date 2021-05-24 | Train: 2020-05-15 to 2021-05-14 | Positions: 10
[alpha_stack] loaded=['trend', 'meanrev', 'volatility', 'statarb']  skipped=[]
  Date 2021-05-25 | Train: 2020-05-18 to 2021-05-17 | Positions: 10
[alpha_stack] loaded=['trend', 'meanrev', 'volatility', 'statarb']  skipped=[]
  Date 2021-05-26 | Train: 2020-05-19 to 2021-05-18 | Positions: 10
[alpha_stack] loaded=['trend', 'meanrev', 'volatility', 'statarb']  skipped=[]
  Date 2021-05-27 | Train: 2020-05-20 to 2021-05-19 | Positions: 10
[alpha_stack] loaded=['trend', 'meanrev', 'volatility', 'statarb']  skipped=[]
  Date 2021-05-28 | Train: 2020-05-21 to 2021-05-20 | Positions: 10
[alpha_stack] loaded=['trend', 'meanrev', 'volatility', 'statarb']  skipped=[]
  Date 2021-06-01 | Train: 2020-05-22 to 2021-05-21 | Positions: 10
[alpha_stack] loaded=['trend', 'meanrev', 'volatility', 'statarb']  skipped=[]
  Date 2021-06-02 | Train: 2020-05-26 to 2021-05-24 | Positions: 10
[alpha_stack] loaded=['trend', 'meanrev', 'volatility', 'statarb']  skipped=[]
  Date 2021-06-03 | Train: 2020-05-27 to 2021-05-25 | Positions: 10
[alpha_stack] loaded=['trend', 'meanrev', 'volatility', 'statarb']  skipped=[]
  Date 2021-06-04 | Train: 2020-05-28 to 2021-05-26 | Positions: 10
[alpha_stack] loaded=['trend', 'meanrev', 'volatility', 'statarb']  skipped=[]
  Date 2021-06-07 | Train: 2020-05-29 to 2021-05-27 | Positions: 10
[alpha_stack] loaded=['trend', 'meanrev', 'volatility', 'statarb']  skipped=[]
  Date 2021-06-08 | Train: 2020-06-01 to 2021-05-28 | Positions: 10
[alpha_stack] loaded=['trend', 'meanrev', 'volatility', 'statarb']  skipped=[]
  Date 2021-06-09 | Train: 2020-06-02 to 2021-06-01 | Positions: 10
[alpha_stack] loaded=['trend', 'meanrev', 'volatility', 'statarb']  skipped=[]
  Date 2021-06-10 | Train: 2020-06-03 to 2021-06-02 | Positions: 10
[alpha_stack] loaded=['trend', 'meanrev', 'volatility', 'statarb']  skipped=[]
  Date 2021-06-11 | Train: 2020-06-04 to 2021-06-03 | Positions: 10
[alpha_stack] loaded=['trend', 'meanrev', 'volatility', 'statarb']  skipped=[]
  Date 2021-06-14 | Train: 2020-06-05 to 2021-06-04 | Positions: 10
[alpha_stack] loaded=['trend', 'meanrev', 'volatility', 'statarb']  skipped=[]
  Date 2021-06-15 | Train: 2020-06-08 to 2021-06-07 | Positions: 10
[alpha_stack] loaded=['trend', 'meanrev', 'volatility', 'statarb']  skipped=[]
  Date 2021-06-16 | Train: 2020-06-09 to 2021-06-08 | Positions: 10
[alpha_stack] loaded=['trend', 'meanrev', 'volatility', 'statarb']  skipped=[]
  Date 2021-06-17 | Train: 2020-06-10 to 2021-06-09 | Positions: 10
[alpha_stack] loaded=['trend', 'meanrev', 'volatility', 'statarb']  skipped=[]
  Date 2021-06-18 | Train: 2020-06-11 to 2021-06-10 | Positions: 10
[alpha_stack] loaded=['trend', 'meanrev', 'volatility', 'statarb']  skipped=[]
  Date 2021-06-21 | Train: 2020-06-12 to 2021-06-11 | Positions: 10
[alpha_stack] loaded=['trend', 'meanrev', 'volatility', 'statarb']  skipped=[]
  Date 2021-06-22 | Train: 2020-06-15 to 2021-06-14 | Positions: 10
[alpha_stack] loaded=['trend', 'meanrev', 'volatility', 'statarb']  skipped=[]
  Date 2021-06-23 | Train: 2020-06-16 to 2021-06-15 | Positions: 10
[alpha_stack] loaded=['trend', 'meanrev', 'volatility', 'statarb']  skipped=[]
  Date 2021-06-24 | Train: 2020-06-17 to 2021-06-16 | Positions: 10
[alpha_stack] loaded=['trend', 'meanrev', 'volatility', 'statarb']  skipped=[]
  Date 2021-06-25 | Train: 2020-06-18 to 2021-06-17 | Positions: 10
[alpha_stack] loaded=['trend', 'meanrev', 'volatility', 'statarb']  skipped=[]
  Date 2021-06-28 | Train: 2020-06-19 to 2021-06-18 | Positions: 10
[alpha_stack] loaded=['trend', 'meanrev', 'volatility', 'statarb']  skipped=[]
  Date 2021-06-29 | Train: 2020-06-22 to 2021-06-21 | Positions: 10
[alpha_stack] loaded=['trend', 'meanrev', 'volatility', 'statarb']  skipped=[]
  Date 2021-06-30 | Train: 2020-06-23 to 2021-06-22 | Positions: 10
[alpha_stack] loaded=['trend', 'meanrev', 'volatility', 'statarb']  skipped=[]
  Date 2021-07-01 | Train: 2020-06-24 to 2021-06-23 | Positions: 10
[alpha_stack] loaded=['trend', 'meanrev', 'volatility', 'statarb']  skipped=[]
  Date 2021-07-02 | Train: 2020-06-25 to 2021-06-24 | Positions: 10
[alpha_stack] loaded=['trend', 'meanrev', 'volatility', 'statarb']  skipped=[]
  Date 2021-07-06 | Train: 2020-06-26 to 2021-06-25 | Positions: 10
[alpha_stack] loaded=['trend', 'meanrev', 'volatility', 'statarb']  skipped=[]
  Date 2021-07-07 | Train: 2020-06-29 to 2021-06-28 | Positions: 10
[alpha_stack] loaded=['trend', 'meanrev', 'volatility', 'statarb']  skipped=[]
  Date 2021-07-08 | Train: 2020-06-30 to 2021-06-29 | Positions: 10
[alpha_stack] loaded=['trend', 'meanrev', 'volatility', 'statarb']  skipped=[]
  Date 2021-07-09 | Train: 2020-07-01 to 2021-06-30 | Positions: 10
[alpha_stack] loaded=['trend', 'meanrev', 'volatility', 'statarb']  skipped=[]
  Date 2021-07-12 | Train: 2020-07-02 to 2021-07-01 | Positions: 10
[alpha_stack] loaded=['trend', 'meanrev', 'volatility', 'statarb']  skipped=[]
  Date 2021-07-13 | Train: 2020-07-06 to 2021-07-02 | Positions: 10
[alpha_stack] loaded=['trend', 'meanrev', 'volatility', 'statarb']  skipped=[]
  Date 2021-07-14 | Train: 2020-07-07 to 2021-07-06 | Positions: 10
[alpha_stack] loaded=['trend', 'meanrev', 'volatility', 'statarb']  skipped=[]
  Date 2021-07-15 | Train: 2020-07-08 to 2021-07-07 | Positions: 10
[alpha_stack] loaded=['trend', 'meanrev', 'volatility', 'statarb']  skipped=[]
  Date 2021-07-16 | Train: 2020-07-09 to 2021-07-08 | Positions: 10
[alpha_stack] loaded=['trend', 'meanrev', 'volatility', 'statarb']  skipped=[]
  Date 2021-07-19 | Train: 2020-07-10 to 2021-07-09 | Positions: 10
[alpha_stack] loaded=['trend', 'meanrev', 'volatility', 'statarb']  skipped=[]
  Date 2021-07-20 | Train: 2020-07-13 to 2021-07-12 | Positions: 10
[alpha_stack] loaded=['trend', 'meanrev', 'volatility', 'statarb']  skipped=[]
  Date 2021-07-21 | Train: 2020-07-14 to 2021-07-13 | Positions: 10
[alpha_stack] loaded=['trend', 'meanrev', 'volatility', 'statarb']  skipped=[]
  Date 2021-07-22 | Train: 2020-07-15 to 2021-07-14 | Positions: 10
[alpha_stack] loaded=['trend', 'meanrev', 'volatility', 'statarb']  skipped=[]
  Date 2021-07-23 | Train: 2020-07-16 to 2021-07-15 | Positions: 10
[alpha_stack] loaded=['trend', 'meanrev', 'volatility', 'statarb']  skipped=[]
  Date 2021-07-26 | Train: 2020-07-17 to 2021-07-16 | Positions: 10
[alpha_stack] loaded=['trend', 'meanrev', 'volatility', 'statarb']  skipped=[]
  Date 2021-07-27 | Train: 2020-07-20 to 2021-07-19 | Positions: 10
[alpha_stack] loaded=['trend', 'meanrev', 'volatility', 'statarb']  skipped=[]
  Date 2021-07-28 | Train: 2020-07-21 to 2021-07-20 | Positions: 10
[alpha_stack] loaded=['trend', 'meanrev', 'volatility', 'statarb']  skipped=[]
  Date 2021-07-29 | Train: 2020-07-22 to 2021-07-21 | Positions: 10
[alpha_stack] loaded=['trend', 'meanrev', 'volatility', 'statarb']  skipped=[]
  Date 2021-07-30 | Train: 2020-07-23 to 2021-07-22 | Positions: 10
[alpha_stack] loaded=['trend', 'meanrev', 'volatility', 'statarb']  skipped=[]
  Date 2021-08-02 | Train: 2020-07-24 to 2021-07-23 | Positions: 10
[alpha_stack] loaded=['trend', 'meanrev', 'volatility', 'statarb']  skipped=[]
  Date 2021-08-03 | Train: 2020-07-27 to 2021-07-26 | Positions: 10
[alpha_stack] loaded=['trend', 'meanrev', 'volatility', 'statarb']  skipped=[]
  Date 2021-08-04 | Train: 2020-07-28 to 2021-07-27 | Positions: 10
[alpha_stack] loaded=['trend', 'meanrev', 'volatility', 'statarb']  skipped=[]
  Date 2021-08-05 | Train: 2020-07-29 to 2021-07-28 | Positions: 10
[alpha_stack] loaded=['trend', 'meanrev', 'volatility', 'statarb']  skipped=[]
  Date 2021-08-06 | Train: 2020-07-30 to 2021-07-29 | Positions: 10
[alpha_stack] loaded=['trend', 'meanrev', 'volatility', 'statarb']  skipped=[]
  Date 2021-08-09 | Train: 2020-07-31 to 2021-07-30 | Positions: 10
[alpha_stack] loaded=['trend', 'meanrev', 'volatility', 'statarb']  skipped=[]
  Date 2021-08-10 | Train: 2020-08-03 to 2021-08-02 | Positions: 10
[alpha_stack] loaded=['trend', 'meanrev', 'volatility', 'statarb']  skipped=[]
  Date 2021-08-11 | Train: 2020-08-04 to 2021-08-03 | Positions: 10
[alpha_stack] loaded=['trend', 'meanrev', 'volatility', 'statarb']  skipped=[]
  Date 2021-08-12 | Train: 2020-08-05 to 2021-08-04 | Positions: 10
[alpha_stack] loaded=['trend', 'meanrev', 'volatility', 'statarb']  skipped=[]
  Date 2021-08-13 | Train: 2020-08-06 to 2021-08-05 | Positions: 10
[alpha_stack] loaded=['trend', 'meanrev', 'volatility', 'statarb']  skipped=[]
  Date 2021-08-16 | Train: 2020-08-07 to 2021-08-06 | Positions: 10
[alpha_stack] loaded=['trend', 'meanrev', 'volatility', 'statarb']  skipped=[]
  Date 2021-08-17 | Train: 2020-08-10 to 2021-08-09 | Positions: 10
[alpha_stack] loaded=['trend', 'meanrev', 'volatility', 'statarb']  skipped=[]
  Date 2021-08-18 | Train: 2020-08-11 to 2021-08-10 | Positions: 10
[alpha_stack] loaded=['trend', 'meanrev', 'volatility', 'statarb']  skipped=[]
  Date 2021-08-19 | Train: 2020-08-12 to 2021-08-11 | Positions: 10
[alpha_stack] loaded=['trend', 'meanrev', 'volatility', 'statarb']  skipped=[]
  Date 2021-08-20 | Train: 2020-08-13 to 2021-08-12 | Positions: 10
[alpha_stack] loaded=['trend', 'meanrev', 'volatility', 'statarb']  skipped=[]
  Date 2021-08-23 | Train: 2020-08-14 to 2021-08-13 | Positions: 10
